// Jest Snapshot v1, https://goo.gl/fbAQLP

exports[`Tests the details page Match the snapshot 1`] = `undefined`;
