// Jest Snapshot v1, https://goo.gl/fbAQLP

exports[`Tests the home page Match the snapshot 1`] = `
Object {
  "asFragment": [Function],
  "baseElement": <body>
    <div>
      <main
        class="mi-contenedor-con-max-width"
      >
        <div
          class="justify-content-center col"
        >
          <header
            class="header"
          >
            <div
              bordered="true"
              class="d-flex justify-content-center container"
            >
              <div
                class="d-flex justify-content-center col"
              >
                <nav
                  class="navInner"
                >
                  <a
                    class="d-flex justify-content-center"
                    href="/"
                    style="margin: auto;"
                  >
                    <button
                      class="button-back"
                      type="submit"
                    >
                      <svg
                        fill="currentColor"
                        height="1em"
                        stroke="currentColor"
                        stroke-width="0"
                        viewBox="0 0 16 16"
                        width="1em"
                        xmlns="http://www.w3.org/2000/svg"
                      >
                        <path
                          d="M8 0a8 8 0 1 0 0 16A8 8 0 0 0 8 0zm3.5 7.5a.5.5 0 0 1 0 1H5.707l2.147 2.146a.5.5 0 0 1-.708.708l-3-3a.5.5 0 0 1 0-.708l3-3a.5.5 0 1 1 .708.708L5.707 7.5H11.5z"
                        />
                      </svg>
                    </button>
                  </a>
                  <h2>
                    Stock Prices
                  </h2>
                  <h2>
                    by NYSE
                  </h2>
                </nav>
              </div>
            </div>
          </header>
          <div
            class="container"
          >
            <div
              class="d-flex justify-content-center mb-3"
            >
              <input
                placeholder="search stock"
                type="text"
                value=""
              />
            </div>
            <div
              class="row"
            >
              <div
                class="p-0 col"
              >
                <ul
                  class="list-group"
                />
              </div>
              <div
                class="p-0 col"
              >
                <ul
                  class="list-group"
                />
              </div>
            </div>
          </div>
        </div>
      </main>
    </div>
  </body>,
  "container": <div>
    <main
      class="mi-contenedor-con-max-width"
    >
      <div
        class="justify-content-center col"
      >
        <header
          class="header"
        >
          <div
            bordered="true"
            class="d-flex justify-content-center container"
          >
            <div
              class="d-flex justify-content-center col"
            >
              <nav
                class="navInner"
              >
                <a
                  class="d-flex justify-content-center"
                  href="/"
                  style="margin: auto;"
                >
                  <button
                    class="button-back"
                    type="submit"
                  >
                    <svg
                      fill="currentColor"
                      height="1em"
                      stroke="currentColor"
                      stroke-width="0"
                      viewBox="0 0 16 16"
                      width="1em"
                      xmlns="http://www.w3.org/2000/svg"
                    >
                      <path
                        d="M8 0a8 8 0 1 0 0 16A8 8 0 0 0 8 0zm3.5 7.5a.5.5 0 0 1 0 1H5.707l2.147 2.146a.5.5 0 0 1-.708.708l-3-3a.5.5 0 0 1 0-.708l3-3a.5.5 0 1 1 .708.708L5.707 7.5H11.5z"
                      />
                    </svg>
                  </button>
                </a>
                <h2>
                  Stock Prices
                </h2>
                <h2>
                  by NYSE
                </h2>
              </nav>
            </div>
          </div>
        </header>
        <div
          class="container"
        >
          <div
            class="d-flex justify-content-center mb-3"
          >
            <input
              placeholder="search stock"
              type="text"
              value=""
            />
          </div>
          <div
            class="row"
          >
            <div
              class="p-0 col"
            >
              <ul
                class="list-group"
              />
            </div>
            <div
              class="p-0 col"
            >
              <ul
                class="list-group"
              />
            </div>
          </div>
        </div>
      </div>
    </main>
  </div>,
  "debug": [Function],
  "findAllByAltText": [Function],
  "findAllByDisplayValue": [Function],
  "findAllByLabelText": [Function],
  "findAllByPlaceholderText": [Function],
  "findAllByRole": [Function],
  "findAllByTestId": [Function],
  "findAllByText": [Function],
  "findAllByTitle": [Function],
  "findByAltText": [Function],
  "findByDisplayValue": [Function],
  "findByLabelText": [Function],
  "findByPlaceholderText": [Function],
  "findByRole": [Function],
  "findByTestId": [Function],
  "findByText": [Function],
  "findByTitle": [Function],
  "getAllByAltText": [Function],
  "getAllByDisplayValue": [Function],
  "getAllByLabelText": [Function],
  "getAllByPlaceholderText": [Function],
  "getAllByRole": [Function],
  "getAllByTestId": [Function],
  "getAllByText": [Function],
  "getAllByTitle": [Function],
  "getByAltText": [Function],
  "getByDisplayValue": [Function],
  "getByLabelText": [Function],
  "getByPlaceholderText": [Function],
  "getByRole": [Function],
  "getByTestId": [Function],
  "getByText": [Function],
  "getByTitle": [Function],
  "queryAllByAltText": [Function],
  "queryAllByDisplayValue": [Function],
  "queryAllByLabelText": [Function],
  "queryAllByPlaceholderText": [Function],
  "queryAllByRole": [Function],
  "queryAllByTestId": [Function],
  "queryAllByText": [Function],
  "queryAllByTitle": [Function],
  "queryByAltText": [Function],
  "queryByDisplayValue": [Function],
  "queryByLabelText": [Function],
  "queryByPlaceholderText": [Function],
  "queryByRole": [Function],
  "queryByTestId": [Function],
  "queryByText": [Function],
  "queryByTitle": [Function],
  "rerender": [Function],
  "unmount": [Function],
}
`;
